Script: 02_high_dimensional_mediation.R
Date:   2026-10-02 18:43:43.494052
======================================================================== 

$ID
[1] "2" "1" "5" "3" "4"

$alpha
[1] 0.3359672 0.2922723 0.2817972 0.2608181 0.1845481

$beta
[1] 0.5783655 0.6500320 0.2961728 0.4563973 0.4037204

$`alpha*beta`
[1] 0.19431183 0.18998637 0.08346065 0.11903669 0.07450583

$rimp
[1] 29.11675 28.46860 12.50620 17.83711 11.16436

$`p-value`
[1] 4.110448e-09 3.771019e-07 1.604589e-06 7.573880e-06 1.452301e-03

         estimate    ci.lower   ci.upper          pip
1    3.321528e-01  0.26644412 0.39916250 0.9335714286
2    2.933808e-01  0.22772655 0.35783041 0.9932857143
3    2.319790e-01  0.16821925 0.29482238 0.7204285714
4    2.016170e-01  0.13723772 0.26654935 0.0715714286
5    1.696918e-01  0.08937250 0.24057779 0.8690000000
6   -4.958346e-03 -0.03063163 0.01917308 0.0000000000
7   -2.871402e-03 -0.02836099 0.02188442 0.0000000000
8   -1.185178e-03 -0.02619075 0.02331727 0.0000000000
9    3.602937e-03 -0.02074244 0.02904081 0.0000000000
10  -3.835465e-03 -0.02995111 0.02031822 0.0000000000
11  -7.058604e-03 -0.03342771 0.01706180 0.0000000000
12  -3.599754e-03 -0.02962115 0.02093283 0.0000000000
13  -5.424432e-03 -0.03236766 0.01928376 0.0000000000
14  -6.451763e-03 -0.03292690 0.01822643 0.0000000000
15  -1.257859e-03 -0.02579789 0.02396241 0.0000000000
16  -9.503560e-04 -0.02673293 0.02352709 0.0000000000
17  -1.274279e-02 -0.04608553 0.01298963 0.0000000000
18   2.488308e-03 -0.02216642 0.02752656 0.0000000000
19   2.282387e-03 -0.02243875 0.02857850 0.0000000000
20   3.921225e-03 -0.02018769 0.02991143 0.0000000000
21   1.214910e-04 -0.02491111 0.02511350 0.0000000000
22  -5.043406e-03 -0.03172817 0.01934644 0.0001428571
23  -3.100705e-03 -0.02898729 0.02195074 0.0001428571
24   7.788225e-03 -0.01633359 0.03478543 0.0000000000
25  -3.482099e-03 -0.02926101 0.02168190 0.0000000000
26  -4.603435e-03 -0.03073002 0.01961697 0.0001428571
27   2.213428e-03 -0.02229638 0.02812158 0.0000000000
28  -2.922526e-03 -0.02789548 0.02243038 0.0000000000
29  -9.068883e-03 -0.03688831 0.01546084 0.0000000000
30  -7.632509e-03 -0.03519020 0.01709564 0.0000000000
31   5.761970e-03 -0.01859802 0.03321564 0.0000000000
32  -6.760454e-04 -0.02548792 0.02490163 0.0000000000
33  -1.184305e-02 -0.04491492 0.01283176 0.0000000000
34  -1.902455e-03 -0.02723172 0.02246191 0.0000000000
35  -1.371107e-03 -0.02653986 0.02310220 0.0000000000
36   8.272064e-04 -0.02424298 0.02623468 0.0000000000
37  -6.918889e-03 -0.03357799 0.01781629 0.0000000000
38   7.693110e-04 -0.02394487 0.02518601 0.0000000000
39  -4.071111e-03 -0.02994105 0.02018918 0.0000000000
40  -1.357101e-03 -0.02726032 0.02354652 0.0000000000
41  -1.384182e-03 -0.02665851 0.02253109 0.0001428571
42   3.401154e-03 -0.02212084 0.02879687 0.0000000000
43  -5.259330e-03 -0.03104490 0.01890609 0.0001428571
44   3.694391e-03 -0.02059587 0.02968009 0.0000000000
45   4.205137e-04 -0.02449359 0.02575846 0.0001428571
46  -3.438870e-03 -0.02892983 0.02113838 0.0000000000
47   2.662308e-03 -0.02222960 0.02848221 0.0000000000
48   3.793204e-03 -0.02042872 0.02943558 0.0000000000
49  -5.612004e-03 -0.03155485 0.01823636 0.0000000000
50   6.163905e-03 -0.01779390 0.03311456 0.0000000000
51  -1.190521e-02 -0.04316111 0.01321493 0.0000000000
52  -3.134853e-03 -0.02928821 0.02117987 0.0000000000
53  -1.660772e-03 -0.02710419 0.02390145 0.0000000000
54  -5.659857e-03 -0.03182995 0.01865453 0.0000000000
55  -1.137435e-03 -0.02631222 0.02414349 0.0000000000
56  -3.924931e-03 -0.03040755 0.02100525 0.0000000000
57  -1.362643e-03 -0.02709066 0.02319567 0.0000000000
58   3.309073e-03 -0.02193246 0.02852491 0.0000000000
59  -4.763654e-03 -0.03129576 0.01932746 0.0000000000
60   1.801095e-03 -0.02253145 0.02813677 0.0000000000
61   1.637528e-03 -0.02313729 0.02707740 0.0000000000
62   8.453051e-03 -0.01582806 0.03684740 0.0001428571
63   6.279348e-03 -0.01812659 0.03266161 0.0000000000
64   2.871402e-03 -0.02186599 0.02868793 0.0000000000
65   3.342560e-03 -0.02050513 0.02834521 0.0001428571
66   4.390824e-03 -0.02021369 0.02984822 0.0000000000
67  -9.050554e-03 -0.03716682 0.01562609 0.0000000000
68  -4.548713e-03 -0.02993295 0.02014282 0.0000000000
69  -6.618806e-04 -0.02582449 0.02450024 0.0000000000
70  -4.953705e-03 -0.03132115 0.01903978 0.0000000000
71  -1.559648e-03 -0.02726100 0.02362364 0.0000000000
72  -5.430947e-03 -0.03233693 0.01857580 0.0000000000
73   4.322407e-04 -0.02518806 0.02515473 0.0000000000
74   2.010298e-03 -0.02269801 0.02806541 0.0000000000
75   5.776871e-03 -0.01870887 0.03186857 0.0000000000
76   1.085304e-03 -0.02394371 0.02687574 0.0000000000
77  -6.984184e-04 -0.02584798 0.02457082 0.0000000000
78   2.340761e-04 -0.02473829 0.02536238 0.0000000000
79   4.405457e-03 -0.02046037 0.03056460 0.0000000000
80   1.865480e-03 -0.02205882 0.02680009 0.0000000000
81  -3.397189e-03 -0.02951320 0.02062743 0.0000000000
82  -6.982705e-03 -0.03392356 0.01776631 0.0000000000
83  -1.041083e-02 -0.04010565 0.01429348 0.0000000000
84  -1.092461e-03 -0.02631717 0.02464828 0.0000000000
85   8.249795e-03 -0.01601586 0.03593710 0.0000000000
86  -4.697430e-03 -0.03110015 0.01988291 0.0000000000
87  -6.763033e-03 -0.03364287 0.01695564 0.0000000000
88   2.924234e-03 -0.02136910 0.02865163 0.0000000000
89  -1.219731e-03 -0.02576650 0.02392590 0.0000000000
90  -6.481852e-04 -0.02562092 0.02380192 0.0000000000
91  -9.183267e-03 -0.03792515 0.01539283 0.0001428571
92  -7.160922e-03 -0.03409084 0.01697660 0.0000000000
93  -6.138683e-03 -0.03250262 0.01864139 0.0000000000
94   2.684110e-03 -0.02198549 0.02730069 0.0001428571
95  -2.304235e-04 -0.02535357 0.02440141 0.0000000000
96  -1.649658e-03 -0.02732656 0.02398506 0.0000000000
97   1.684602e-03 -0.02393997 0.02780219 0.0000000000
98  -3.943946e-04 -0.02583216 0.02565613 0.0000000000
99  -7.176153e-03 -0.03325436 0.01763860 0.0001428571
100  3.824129e-03 -0.02041658 0.02877563 0.0000000000
101  2.414464e-03 -0.02162497 0.02800100 0.0000000000
102 -4.212342e-04 -0.02508657 0.02484449 0.0000000000
103  5.997927e-03 -0.01854221 0.03143096 0.0000000000
104 -1.934787e-03 -0.02762907 0.02232469 0.0000000000
105 -6.901539e-03 -0.03385569 0.01750332 0.0000000000
106 -4.056739e-03 -0.03160197 0.01961576 0.0000000000
107 -5.086777e-04 -0.02617475 0.02435001 0.0000000000
108  4.957987e-03 -0.01975006 0.03130341 0.0000000000
109  1.168290e-04 -0.02416503 0.02491345 0.0000000000
110 -4.078494e-04 -0.02614610 0.02456423 0.0000000000
111  1.805440e-03 -0.02316687 0.02699714 0.0000000000
112 -4.631603e-04 -0.02604379 0.02497456 0.0000000000
113  5.040906e-04 -0.02409526 0.02587665 0.0000000000
114 -3.176483e-03 -0.02944699 0.02113104 0.0001428571
115  3.459913e-03 -0.02136000 0.02901294 0.0000000000
116 -1.499469e-03 -0.02740927 0.02309874 0.0000000000
117  8.589734e-04 -0.02372578 0.02583094 0.0000000000
118 -6.634703e-03 -0.03250120 0.01737284 0.0000000000
119  3.157236e-03 -0.02188644 0.02902756 0.0000000000
120 -2.789255e-03 -0.02950900 0.02146156 0.0000000000
121 -6.759415e-03 -0.03342720 0.01770412 0.0000000000
122 -1.862042e-02 -0.09202110 0.01033011 0.0002857143
123 -1.843485e-03 -0.02660487 0.02239467 0.0000000000
124  5.799335e-03 -0.01803283 0.03190391 0.0000000000
125 -2.580469e-03 -0.02816391 0.02220254 0.0000000000
126 -4.289141e-03 -0.03038391 0.02000756 0.0000000000
127  9.043707e-03 -0.01529842 0.03873053 0.0001428571
128  8.890727e-03 -0.01598891 0.03620899 0.0000000000
129 -2.634759e-03 -0.02782108 0.02179517 0.0001428571
130  4.148726e-03 -0.02026204 0.02923830 0.0000000000
131  3.189431e-05 -0.02444703 0.02498537 0.0000000000
132 -4.007392e-03 -0.03073799 0.02070094 0.0000000000
133 -5.045659e-04 -0.02610245 0.02404390 0.0000000000
134  1.199862e-03 -0.02298741 0.02645778 0.0000000000
135  2.563976e-03 -0.02161704 0.02817228 0.0000000000
136 -1.056593e-03 -0.02639018 0.02300477 0.0001428571
137  4.325625e-03 -0.01987598 0.02975979 0.0000000000
138 -6.794797e-03 -0.03410554 0.01742286 0.0000000000
139 -9.001006e-03 -0.03653502 0.01502434 0.0000000000
140 -5.329081e-03 -0.03130782 0.01884696 0.0000000000
141  7.778986e-03 -0.01648209 0.03587548 0.0000000000
142 -1.724478e-03 -0.02617279 0.02254931 0.0000000000
143  1.190887e-02 -0.01270301 0.04500196 0.0000000000
144  2.864441e-03 -0.02150094 0.02857700 0.0000000000
145  5.066554e-03 -0.01924727 0.03198974 0.0000000000
146 -7.834188e-03 -0.03586741 0.01628842 0.0000000000
147  5.796926e-03 -0.01860721 0.03294385 0.0000000000
148  4.096982e-03 -0.02025921 0.03012967 0.0000000000
149  1.056537e-03 -0.02490104 0.02645557 0.0000000000
150 -4.866313e-03 -0.03051321 0.01981455 0.0000000000
151  7.597038e-03 -0.01704627 0.03466425 0.0000000000
152 -1.324624e-03 -0.02728318 0.02361444 0.0000000000
153  1.057629e-03 -0.02424344 0.02676528 0.0000000000
154 -3.329759e-03 -0.02848113 0.02092881 0.0000000000
155  3.989217e-04 -0.02462038 0.02556133 0.0000000000
156  1.187679e-03 -0.02429657 0.02632119 0.0000000000
157  1.600438e-03 -0.02333476 0.02733643 0.0000000000
158  1.621773e-03 -0.02266146 0.02740100 0.0000000000
159 -2.756571e-04 -0.02466736 0.02505182 0.0001428571
160  3.460487e-03 -0.02083640 0.02949295 0.0000000000
161  1.125776e-03 -0.02408205 0.02697625 0.0000000000
162 -3.520957e-03 -0.02926871 0.02084230 0.0000000000
163  8.620341e-03 -0.01575993 0.03667790 0.0000000000
164 -4.617726e-03 -0.03119252 0.02003564 0.0000000000
165  8.346654e-03 -0.01639533 0.03639603 0.0000000000
166 -6.834954e-04 -0.02547567 0.02382572 0.0000000000
167  2.396275e-03 -0.02191756 0.02791080 0.0000000000
168 -3.132782e-03 -0.02950648 0.02117608 0.0000000000
169 -5.913580e-03 -0.03281098 0.01873865 0.0000000000
170 -1.753291e-03 -0.02851691 0.02277561 0.0000000000
171  7.249539e-03 -0.01704933 0.03399998 0.0001428571
172  2.963410e-03 -0.02190096 0.02799138 0.0000000000
173 -7.045968e-04 -0.02621194 0.02438273 0.0000000000
174  1.126552e-03 -0.02373769 0.02733286 0.0000000000
175  1.589401e-03 -0.02317413 0.02761384 0.0000000000
176 -1.665194e-03 -0.02732388 0.02340440 0.0000000000
177 -2.500099e-03 -0.02795235 0.02210575 0.0000000000
178  1.954305e-03 -0.02357529 0.02743636 0.0000000000
179  1.336916e-03 -0.02398654 0.02747393 0.0000000000
180 -5.230785e-03 -0.03275392 0.01947676 0.0001428571
181 -4.247317e-03 -0.03046216 0.02036135 0.0000000000
182  8.982683e-04 -0.02407734 0.02505831 0.0000000000
183 -1.641058e-03 -0.02677891 0.02367913 0.0000000000
184 -1.002565e-02 -0.03885292 0.01464777 0.0000000000
185 -1.558989e-03 -0.02608584 0.02311842 0.0000000000
186  7.318347e-03 -0.01727499 0.03377459 0.0000000000
187  1.389170e-03 -0.02349498 0.02654720 0.0000000000
188 -3.055655e-03 -0.02874684 0.02151497 0.0000000000
189 -1.940937e-03 -0.02742983 0.02299862 0.0000000000
190  4.723284e-04 -0.02444681 0.02531501 0.0000000000
191  2.148363e-03 -0.02255605 0.02788532 0.0000000000
192  2.801461e-03 -0.02255462 0.02848829 0.0001428571
193 -2.072361e-03 -0.02822241 0.02280434 0.0000000000
194 -5.330405e-03 -0.03213181 0.01953233 0.0000000000
195 -9.669593e-04 -0.02594184 0.02382046 0.0000000000
196  7.039390e-03 -0.01685661 0.03435599 0.0000000000
197 -3.315679e-03 -0.02883870 0.02115427 0.0000000000
198  1.642185e-03 -0.02280267 0.02710657 0.0000000000
199  9.963736e-04 -0.02341729 0.02600218 0.0000000000
200 -2.468432e-03 -0.02823146 0.02282429 0.0000000000
HIGH-DIMENSIONAL MEDIATION: HIMA vs BAMA
================================================================================== 
Simulation: n = 300, p = 200 candidate mediators, 5 truly active
Seed: 6489

TIMING:  HIMA 0.1s  |  bama 54.0s
  (bama is slower due to MCMC sampling but provides richer inference)

COMPARISON TABLE: TRUE vs ESTIMATED INDIRECT EFFECTS (active mediators)
Original scale: per unit of A, in units of Y
---------------------------------------------------------------------------------- 
Mediator   True ab     HIMA ab        HIMA p    bama est        bama 95% CrI     PIP
---------------------------------------------------------------------------------- 
M1            0.48       0.381      3.77e-07       0.345  [ 0.108,  0.535]   0.934
M2            0.35       0.389      4.11e-09       0.369  [ 0.220,  0.533]   0.993
M3            0.30       0.238      7.57e-06       0.175  [ 0.023,  0.340]   0.720
M4            0.20       0.149      1.45e-03       0.037  [-0.010,  0.118]   0.072
M5            0.20       0.167      1.60e-06       0.163  [ 0.033,  0.295]   0.869
---------------------------------------------------------------------------------- 

LEAST SQUARES ON THE FIVE ACTIVE MEDIATORS (oracle benchmark)
------------------------------------------------------------------------ 
Mediator     LS ab     HIMA - LS     bama - LS
M1           0.373         0.007        -0.028
M2           0.386         0.003        -0.017
M3           0.241        -0.002        -0.066
M4           0.149        -0.000        -0.112
M5           0.194        -0.027        -0.031
------------------------------------------------------------------------ 

SUMMARY
------------------------------------------------------------------------ 
  HIMA detected: 5 mediators (Bonferroni p < 0.05)
  bama PIP range (true mediators M1-M5): 0.072 -- 0.993
  bama PIP range (noise mediators M6-M200): 0.000 -- 0.000

INTERPRETATION
------------------------------------------------------------------------ 
  HIMA selects all five active mediators (Bonferroni p < 0.05) and no
  noise mediator. bama gives a PIP above 0.5 to M1, M2, M3, and M5 and
  a PIP of zero to three decimals to every noise mediator. M4, whose
  exposure-mediator path bama shrinks most, has a PIP below 0.1. HIMA
  is faster, and bama reports posterior uncertainty through credible
  intervals and PIPs.
================================================================================== 
