[parallel] Using fork backend with 31 cores.
  |                                                                              |                                                                      |   0%  |                                                                              |===================================                                   |  50%  |                                                                              |======================================================================| 100%  |                                                                              |                                                                      |   0%  |                                                                              |===================================                                   |  50%  |                                                                              |======================================================================| 100%  |                                                                              |                                                                      |   0%  |                                                                              |===================================                                   |  50%  |                                                                              |======================================================================| 100%medflex 0.6.11, n = 20000, 20 replications per design
 scenario    outcome interaction approach        spec effect reps failed   est
      s36     binary       FALSE   impute conditional   pnde   20      0 0.394
      s36     binary       FALSE   impute conditional   tnie   20      0 0.191
      s36     binary       FALSE   impute    marginal   pnde   20      0 0.504
      s36     binary       FALSE   impute    marginal   tnie   20      0 0.213
      s36     binary       FALSE   weight conditional   pnde   20      0 0.399
      s36     binary       FALSE   weight conditional   tnie   20      0 0.189
      s36     binary       FALSE   weight    marginal   pnde   18      2 0.555
      s36     binary       FALSE   weight    marginal   tnie   18      2 0.312
      s40     binary        TRUE   impute conditional   pnde   20      0 0.441
      s40     binary        TRUE   impute conditional   tnie   20      0 0.313
      s40     binary        TRUE   impute    marginal   pnde   20      0 0.557
      s40     binary        TRUE   impute    marginal   tnie   20      0 0.327
      s40     binary        TRUE   weight conditional   pnde   20      0 0.451
      s40     binary        TRUE   weight conditional   tnie   20      0 0.312
      s40     binary        TRUE   weight    marginal   pnde   19      1 0.546
      s40     binary        TRUE   weight    marginal   tnie   19      1 0.349
      s35 continuous       FALSE   impute conditional   pnde   20      0 0.399
      s35 continuous       FALSE   impute conditional   tnie   20      0 0.201
      s35 continuous       FALSE   impute    marginal   pnde   20      0 0.538
      s35 continuous       FALSE   impute    marginal   tnie   20      0 0.228
      s35 continuous       FALSE   weight conditional   pnde   20      0 0.398
      s35 continuous       FALSE   weight conditional   tnie   20      0 0.201
      s35 continuous       FALSE   weight    marginal   pnde   20      0 0.429
      s35 continuous       FALSE   weight    marginal   tnie   20      0 0.302
      s39 continuous        TRUE   impute conditional   pnde   20      0 0.447
      s39 continuous        TRUE   impute conditional   tnie   20      0 0.348
      s39 continuous        TRUE   impute    marginal   pnde   20      0 0.582
      s39 continuous        TRUE   impute    marginal   tnie   20      0 0.376
      s39 continuous        TRUE   weight conditional   pnde   20      0 0.441
      s39 continuous        TRUE   weight conditional   tnie   20      0 0.356
      s39 continuous        TRUE   weight    marginal   pnde   20      0 0.531
      s39 continuous        TRUE   weight    marginal   tnie   20      0 0.497
    mcse truth      bias
 0.00356 0.386  0.007801
 0.00301 0.193 -0.001634
 0.00522 0.369  0.134077
 0.01055 0.184  0.028609
 0.00560 0.386  0.012768
 0.00412 0.193 -0.003534
 0.04524 0.369  0.185985
 0.02632 0.184  0.128010
 0.00400 0.451 -0.009831
 0.00256 0.315 -0.002142
 0.00840 0.435  0.122194
 0.01148 0.298  0.029158
 0.00427 0.451 -0.000132
 0.00324 0.315 -0.003735
 0.02649 0.435  0.111594
 0.02082 0.298  0.051424
 0.00152 0.400 -0.001032
 0.00107 0.200  0.001160
 0.00363 0.400  0.137725
 0.00979 0.200  0.028149
 0.00263 0.400 -0.001953
 0.00125 0.200  0.000778
 0.01673 0.400  0.029335
 0.01307 0.200  0.101653
 0.00275 0.445  0.002145
 0.00189 0.350 -0.001880
 0.00762 0.445  0.136843
 0.01593 0.350  0.026399
 0.00652 0.445 -0.003781
 0.00629 0.350  0.005821
 0.02220 0.445  0.085814
 0.03179 0.350  0.147448

Failed fits, left out of the means above:
 scenario rep outcome interaction approach spec     effect est      
 s36       5  binary  FALSE       weight   marginal pnde    3.53e+13
 s36       5  binary  FALSE       weight   marginal tnie    4.52e+14
 s36      13  binary  FALSE       weight   marginal pnde   -9.79e+13
 s36      13  binary  FALSE       weight   marginal tnie    1.87e+14
 s40      13  binary   TRUE       weight   marginal pnde    8.18e+13
 s40      13  binary   TRUE       weight   marginal tnie   -2.82e+14
 message                                                                      
 system is computationally singular: reciprocal condition number = 6.06131e-18
 system is computationally singular: reciprocal condition number = 6.06131e-18
 system is computationally singular: reciprocal condition number = 3.56568e-18
 system is computationally singular: reciprocal condition number = 3.56568e-18
 system is computationally singular: reciprocal condition number = 5.52196e-18
 system is computationally singular: reciprocal condition number = 5.52196e-18
Elapsed: 32.7 s
