[parallel] Using fork backend with 31 cores.
lavaan 0.7.2, bmemLavaan 0.7, bmem 2.3, n = 1000, 200 replications per design
   exposure product outliers  estimator parameter reps failed   est    mcse
     binary    TRUE     0.00       bmem         a  200      0 0.494 0.00456
     binary    TRUE     0.00       bmem         b  200      0 0.294 0.00327
     binary    TRUE     0.00       bmem         g  200      0 0.203 0.00479
     binary    TRUE     0.00       bmem      pnie  200      0 0.146 0.00215
     binary    TRUE     0.00       bmem      tnie  200      0 0.246 0.00282
     binary    TRUE     0.00 bmemLavaan         a    0    200    NA      NA
     binary    TRUE     0.00 bmemLavaan         b    0    200    NA      NA
     binary    TRUE     0.00 bmemLavaan         g    0    200    NA      NA
     binary    TRUE     0.00 bmemLavaan      pnie    0    200    NA      NA
     binary    TRUE     0.00 bmemLavaan      tnie    0    200    NA      NA
     binary    TRUE     0.00     lavaan         a  200      0 0.493 0.00431
     binary    TRUE     0.00     lavaan         b  200      0 0.295 0.00316
     binary    TRUE     0.00     lavaan         g  200      0 0.202 0.00460
     binary    TRUE     0.00     lavaan      pnie  200      0 0.146 0.00208
     binary    TRUE     0.00     lavaan      tnie  200      0 0.245 0.00267
     binary    TRUE     0.05       bmem         a  200      0 0.496 0.00446
     binary    TRUE     0.05       bmem         b  200      0 0.301 0.00381
     binary    TRUE     0.05       bmem         g  200      0 0.203 0.00508
     binary    TRUE     0.05       bmem      pnie  200      0 0.150 0.00240
     binary    TRUE     0.05       bmem      tnie  200      0 0.250 0.00263
     binary    TRUE     0.05 bmemLavaan         a    0    200    NA      NA
     binary    TRUE     0.05 bmemLavaan         b    0    200    NA      NA
     binary    TRUE     0.05 bmemLavaan         g    0    200    NA      NA
     binary    TRUE     0.05 bmemLavaan      pnie    0    200    NA      NA
     binary    TRUE     0.05 bmemLavaan      tnie    0    200    NA      NA
     binary    TRUE     0.05     lavaan         a  200      0 0.498 0.00414
     binary    TRUE     0.05     lavaan         b  200      0 0.295 0.00753
     binary    TRUE     0.05     lavaan         g  200      0 0.212 0.01050
     binary    TRUE     0.05     lavaan      pnie  200      0 0.147 0.00400
     binary    TRUE     0.05     lavaan      tnie  200      0 0.251 0.00400
     binary   FALSE     0.00       bmem         a  200      0 0.499 0.00405
     binary   FALSE     0.00       bmem         b  200      0 0.298 0.00242
     binary   FALSE     0.00       bmem         g  200      0 0.000 0.00000
     binary   FALSE     0.00       bmem      pnie  200      0 0.148 0.00167
     binary   FALSE     0.00       bmem      tnie  200      0 0.148 0.00167
     binary   FALSE     0.00 bmemLavaan         a  200      0 0.499 0.00405
     binary   FALSE     0.00 bmemLavaan         b  200      0 0.298 0.00242
     binary   FALSE     0.00 bmemLavaan         g  200      0 0.000 0.00000
     binary   FALSE     0.00 bmemLavaan      pnie  200      0 0.148 0.00167
     binary   FALSE     0.00 bmemLavaan      tnie  200      0 0.148 0.00167
     binary   FALSE     0.00     lavaan         a  200      0 0.499 0.00399
     binary   FALSE     0.00     lavaan         b  200      0 0.298 0.00233
     binary   FALSE     0.00     lavaan         g  200      0 0.000 0.00000
     binary   FALSE     0.00     lavaan      pnie  200      0 0.148 0.00161
     binary   FALSE     0.00     lavaan      tnie  200      0 0.148 0.00161
     binary   FALSE     0.05       bmem         a  200      0 0.500 0.00430
     binary   FALSE     0.05       bmem         b  200      0 0.300 0.00234
     binary   FALSE     0.05       bmem         g  200      0 0.000 0.00000
     binary   FALSE     0.05       bmem      pnie  200      0 0.150 0.00176
     binary   FALSE     0.05       bmem      tnie  200      0 0.150 0.00176
     binary   FALSE     0.05 bmemLavaan         a  200      0 0.500 0.00430
     binary   FALSE     0.05 bmemLavaan         b  200      0 0.300 0.00234
     binary   FALSE     0.05 bmemLavaan         g  200      0 0.000 0.00000
     binary   FALSE     0.05 bmemLavaan      pnie  200      0 0.150 0.00176
     binary   FALSE     0.05 bmemLavaan      tnie  200      0 0.150 0.00176
     binary   FALSE     0.05     lavaan         a  200      0 0.500 0.00420
     binary   FALSE     0.05     lavaan         b  200      0 0.301 0.00527
     binary   FALSE     0.05     lavaan         g  200      0 0.000 0.00000
     binary   FALSE     0.05     lavaan      pnie  200      0 0.151 0.00305
     binary   FALSE     0.05     lavaan      tnie  200      0 0.151 0.00305
 continuous    TRUE     0.00       bmem         a  200      0 0.435 0.00227
 continuous    TRUE     0.00       bmem         b  200      0 0.305 0.00235
 continuous    TRUE     0.00       bmem         g  200      0 0.203 0.00225
 continuous    TRUE     0.00       bmem      pnie  200      0 0.132 0.00121
 continuous    TRUE     0.00       bmem      tnie  200      0 0.220 0.00183
 continuous    TRUE     0.00 bmemLavaan         a  200      0 0.435 0.00227
 continuous    TRUE     0.00 bmemLavaan         b  200      0 0.305 0.00235
 continuous    TRUE     0.00 bmemLavaan         g  200      0 0.203 0.00225
 continuous    TRUE     0.00 bmemLavaan      pnie  200      0 0.132 0.00121
 continuous    TRUE     0.00 bmemLavaan      tnie  200      0 0.220 0.00183
 continuous    TRUE     0.00     lavaan         a  200      0 0.502 0.00211
 continuous    TRUE     0.00     lavaan         b  200      0 0.305 0.00220
 continuous    TRUE     0.00     lavaan         g  200      0 0.202 0.00183
 continuous    TRUE     0.00     lavaan      pnie  200      0 0.153 0.00123
 continuous    TRUE     0.00     lavaan      tnie  200      0 0.254 0.00183
 continuous    TRUE     0.05       bmem         a  200      0 0.436 0.00234
 continuous    TRUE     0.05       bmem         b  200      0 0.299 0.00254
 continuous    TRUE     0.05       bmem         g  200      0 0.218 0.00247
 continuous    TRUE     0.05       bmem      pnie  200      0 0.130 0.00135
 continuous    TRUE     0.05       bmem      tnie  200      0 0.225 0.00209
 continuous    TRUE     0.05 bmemLavaan         a  200      0 0.436 0.00234
 continuous    TRUE     0.05 bmemLavaan         b  200      0 0.299 0.00254
 continuous    TRUE     0.05 bmemLavaan         g  200      0 0.218 0.00247
 continuous    TRUE     0.05 bmemLavaan      pnie  200      0 0.130 0.00135
 continuous    TRUE     0.05 bmemLavaan      tnie  200      0 0.225 0.00209
 continuous    TRUE     0.05     lavaan         a  200      0 0.503 0.00226
 continuous    TRUE     0.05     lavaan         b  200      0 0.294 0.00517
 continuous    TRUE     0.05     lavaan         g  200      0 0.197 0.00412
 continuous    TRUE     0.05     lavaan      pnie  200      0 0.148 0.00272
 continuous    TRUE     0.05     lavaan      tnie  200      0 0.247 0.00375
 continuous   FALSE     0.00       bmem         a  200      0 0.504 0.00218
 continuous   FALSE     0.00       bmem         b  200      0 0.302 0.00205
 continuous   FALSE     0.00       bmem         g  200      0 0.000 0.00000
 continuous   FALSE     0.00       bmem      pnie  200      0 0.152 0.00125
 continuous   FALSE     0.00       bmem      tnie  200      0 0.152 0.00125
 continuous   FALSE     0.00 bmemLavaan         a  200      0 0.504 0.00218
 continuous   FALSE     0.00 bmemLavaan         b  200      0 0.302 0.00205
 continuous   FALSE     0.00 bmemLavaan         g  200      0 0.000 0.00000
 continuous   FALSE     0.00 bmemLavaan      pnie  200      0 0.152 0.00125
 continuous   FALSE     0.00 bmemLavaan      tnie  200      0 0.152 0.00125
 continuous   FALSE     0.00     lavaan         a  200      0 0.504 0.00210
 continuous   FALSE     0.00     lavaan         b  200      0 0.302 0.00194
 continuous   FALSE     0.00     lavaan         g  200      0 0.000 0.00000
 continuous   FALSE     0.00     lavaan      pnie  200      0 0.152 0.00117
 continuous   FALSE     0.00     lavaan      tnie  200      0 0.152 0.00117
 continuous   FALSE     0.05       bmem         a  200      0 0.503 0.00224
 continuous   FALSE     0.05       bmem         b  200      0 0.297 0.00237
 continuous   FALSE     0.05       bmem         g  200      0 0.000 0.00000
 continuous   FALSE     0.05       bmem      pnie  200      0 0.150 0.00139
 continuous   FALSE     0.05       bmem      tnie  200      0 0.150 0.00139
 continuous   FALSE     0.05 bmemLavaan         a  200      0 0.503 0.00224
 continuous   FALSE     0.05 bmemLavaan         b  200      0 0.297 0.00237
 continuous   FALSE     0.05 bmemLavaan         g  200      0 0.000 0.00000
 continuous   FALSE     0.05 bmemLavaan      pnie  200      0 0.150 0.00139
 continuous   FALSE     0.05 bmemLavaan      tnie  200      0 0.150 0.00139
 continuous   FALSE     0.05     lavaan         a  200      0 0.503 0.00218
 continuous   FALSE     0.05     lavaan         b  200      0 0.289 0.00542
 continuous   FALSE     0.05     lavaan         g  200      0 0.000 0.00000
 continuous   FALSE     0.05     lavaan      pnie  200      0 0.145 0.00276
 continuous   FALSE     0.05     lavaan      tnie  200      0 0.145 0.00276
 truth      bias
  0.50 -5.70e-03
  0.30 -5.54e-03
  0.20  3.49e-03
  0.15 -4.30e-03
  0.25 -3.93e-03
  0.50        NA
  0.30        NA
  0.20        NA
  0.15        NA
  0.25        NA
  0.50 -6.63e-03
  0.30 -5.01e-03
  0.20  2.03e-03
  0.15 -4.26e-03
  0.25 -4.81e-03
  0.50 -3.55e-03
  0.30  7.71e-04
  0.20  2.98e-03
  0.15 -4.02e-04
  0.25 -2.34e-04
  0.50        NA
  0.30        NA
  0.20        NA
  0.15        NA
  0.25        NA
  0.50 -2.39e-03
  0.30 -5.46e-03
  0.20  1.22e-02
  0.15 -3.14e-03
  0.25  1.37e-03
  0.50 -1.25e-03
  0.30 -2.37e-03
  0.00  0.00e+00
  0.15 -1.65e-03
  0.15 -1.65e-03
  0.50 -1.25e-03
  0.30 -2.37e-03
  0.00  0.00e+00
  0.15 -1.65e-03
  0.15 -1.65e-03
  0.50 -9.46e-04
  0.30 -2.36e-03
  0.00  0.00e+00
  0.15 -1.59e-03
  0.15 -1.59e-03
  0.50 -9.21e-05
  0.30 -1.41e-05
  0.00  0.00e+00
  0.15  6.97e-05
  0.15  6.97e-05
  0.50 -9.21e-05
  0.30 -1.41e-05
  0.00  0.00e+00
  0.15  6.97e-05
  0.15  6.97e-05
  0.50 -4.97e-04
  0.30  9.24e-04
  0.00  0.00e+00
  0.15  8.15e-04
  0.15  8.15e-04
  0.50 -6.50e-02
  0.30  4.64e-03
  0.20  2.55e-03
  0.15 -1.75e-02
  0.25 -2.95e-02
  0.50 -6.50e-02
  0.30  4.64e-03
  0.20  2.55e-03
  0.15 -1.75e-02
  0.25 -2.95e-02
  0.50  1.68e-03
  0.30  4.73e-03
  0.20  2.41e-03
  0.15  2.80e-03
  0.25  4.31e-03
  0.50 -6.42e-02
  0.30 -8.37e-04
  0.20  1.79e-02
  0.15 -1.96e-02
  0.25 -2.46e-02
  0.50 -6.42e-02
  0.30 -8.37e-04
  0.20  1.79e-02
  0.15 -1.96e-02
  0.25 -2.46e-02
  0.50  3.30e-03
  0.30 -6.24e-03
  0.20 -3.25e-03
  0.15 -2.03e-03
  0.25 -2.94e-03
  0.50  4.03e-03
  0.30  1.89e-03
  0.00  0.00e+00
  0.15  2.20e-03
  0.15  2.20e-03
  0.50  4.03e-03
  0.30  1.89e-03
  0.00  0.00e+00
  0.15  2.20e-03
  0.15  2.20e-03
  0.50  4.19e-03
  0.30  2.19e-03
  0.00  0.00e+00
  0.15  2.36e-03
  0.15  2.36e-03
  0.50  2.94e-03
  0.30 -2.85e-03
  0.00  0.00e+00
  0.15 -4.80e-04
  0.15 -4.80e-04
  0.50  2.94e-03
  0.30 -2.85e-03
  0.00  0.00e+00
  0.15 -4.80e-04
  0.15 -4.80e-04
  0.50  2.95e-03
  0.30 -1.12e-02
  0.00  0.00e+00
  0.15 -4.95e-03
  0.15 -4.95e-03

First error message of each design and estimator with failed fits:
 exposure product outliers estimator 
 binary   TRUE    0.00     bmemLavaan
 binary   TRUE    0.05     bmemLavaan
 message                                                                      
 system is computationally singular: reciprocal condition number = 4.46315e-17
 system is computationally singular: reciprocal condition number = 4.08366e-18
Elapsed: 69.1 s
