2026-10-01 12:17:46 start full: 48 of 48 scenarios to run, 1000 replications each, 31 cores 
2026-10-01 12:40:41 s01 done in 22.9 min 
2026-10-01 12:53:10 s02 done in 12.5 min 
2026-10-01 13:14:52 s03 done in 21.7 min 
2026-10-01 13:27:05 s04 done in 12.2 min 
2026-10-01 13:49:51 s05 done in 22.8 min 
2026-10-01 14:02:15 s06 done in 12.4 min 
2026-10-01 14:23:43 s07 done in 21.5 min 
2026-10-01 14:36:02 s08 done in 12.3 min 
2026-10-01 14:58:50 s09 done in 22.8 min 
2026-10-01 15:11:21 s10 done in 12.5 min 
2026-10-01 15:32:58 s11 done in 21.6 min 
2026-10-01 15:45:14 s12 done in 12.3 min 
2026-10-01 16:08:27 s13 done in 23.2 min 
2026-10-01 16:21:01 s14 done in 12.6 min 
2026-10-01 16:45:05 s15 done in 24.1 min 
2026-10-01 17:00:21 s16 done in 15.3 min 
2026-10-01 17:29:16 s17 done in 28.9 min 
2026-10-01 17:44:10 s18 done in 14.9 min 
2026-10-01 18:07:49 s19 done in 23.7 min 
2026-10-01 18:24:19 s20 done in 16.5 min 
2026-10-01 18:49:19 s21 done in 25.0 min 
2026-10-01 19:04:34 s22 done in 15.3 min 
2026-10-01 19:28:33 s23 done in 24.0 min 
2026-10-01 19:45:07 s24 done in 16.6 min 
2026-10-01 20:09:49 s25 done in 24.7 min 
2026-10-01 20:24:48 s26 done in 15.0 min 
2026-10-01 20:48:40 s27 done in 23.9 min 
2026-10-01 21:04:59 s28 done in 16.3 min 
2026-10-01 21:29:47 s29 done in 24.8 min 
2026-10-01 21:44:53 s30 done in 15.1 min 
2026-10-01 22:08:40 s31 done in 23.8 min 
2026-10-01 22:24:56 s32 done in 16.3 min 
2026-10-01 22:57:03 s33 done in 32.1 min 
2026-10-01 23:22:20 s34 done in 25.3 min 
2026-10-01 23:55:27 s35 done in 33.1 min 
2026-10-02 00:27:58 s36 done in 32.5 min 
2026-10-02 00:59:59 s37 done in 32.0 min 
2026-10-02 01:25:21 s38 done in 25.4 min 
2026-10-02 01:58:26 s39 done in 33.1 min 
2026-10-02 02:29:59 s40 done in 31.6 min 
2026-10-02 03:02:06 s41 done in 32.1 min 
2026-10-02 03:27:21 s42 done in 25.2 min 
2026-10-02 04:00:32 s43 done in 33.2 min 
2026-10-02 04:33:09 s44 done in 32.6 min 
2026-10-02 05:05:28 s45 done in 32.3 min 
2026-10-02 05:31:05 s46 done in 25.6 min 
2026-10-02 06:04:21 s47 done in 33.3 min 
2026-10-02 06:36:16 s48 done in 31.9 min 
2026-10-02 06:36:16 finished full 
2026-10-02 09:15:35 start full: 48 of 48 scenarios to run, 1000 replications each, 31 cores, re-running medflex-weight 
2026-10-02 09:18:46 s01 done in 3.2 min 
2026-10-02 09:22:11 s02 done in 3.4 min 
2026-10-02 09:24:17 s03 done in 2.1 min 
2026-10-02 09:27:05 s04 done in 2.8 min 
2026-10-02 09:30:14 s05 done in 3.1 min 
2026-10-02 09:33:38 s06 done in 3.4 min 
2026-10-02 09:35:45 s07 done in 2.1 min 
2026-10-02 09:38:35 s08 done in 2.8 min 
2026-10-02 09:41:45 s09 done in 3.2 min 
2026-10-02 09:45:09 s10 done in 3.4 min 
2026-10-02 09:47:17 s11 done in 2.1 min 
2026-10-02 09:50:10 s12 done in 2.9 min 
2026-10-02 09:53:19 s13 done in 3.1 min 
2026-10-02 09:56:43 s14 done in 3.4 min 
2026-10-02 09:58:50 s15 done in 2.1 min 
2026-10-02 10:01:40 s16 done in 2.8 min 
2026-10-02 10:05:44 s17 done in 4.1 min 
2026-10-02 10:10:24 s18 done in 4.7 min 
2026-10-02 10:14:07 s19 done in 3.7 min 
2026-10-02 10:19:40 s20 done in 5.5 min 
2026-10-02 10:23:44 s21 done in 4.1 min 
2026-10-02 10:28:22 s22 done in 4.6 min 
2026-10-02 10:32:04 s23 done in 3.7 min 
2026-10-02 10:37:31 s24 done in 5.5 min 
2026-10-02 10:41:35 s25 done in 4.1 min 
2026-10-02 10:46:13 s26 done in 4.6 min 
2026-10-02 10:49:55 s27 done in 3.7 min 
2026-10-02 10:56:03 s28 done in 6.1 min 
2026-10-02 11:00:09 s29 done in 4.1 min 
2026-10-02 11:04:46 s30 done in 4.6 min 
2026-10-02 11:08:27 s31 done in 3.7 min 
2026-10-02 11:14:27 s32 done in 6.0 min 
2026-10-02 11:22:58 s33 done in 8.5 min 
2026-10-02 11:33:26 s34 done in 10.5 min 
2026-10-02 11:44:14 s35 done in 10.8 min 
2026-10-02 12:01:38 s36 done in 17.4 min 
2026-10-02 12:10:04 s37 done in 8.4 min 
2026-10-02 12:20:27 s38 done in 10.4 min 
2026-10-02 12:31:19 s39 done in 10.9 min 
2026-10-02 12:48:27 s40 done in 17.1 min 
2026-10-02 12:56:56 s41 done in 8.5 min 
2026-10-02 13:07:28 s42 done in 10.5 min 
2026-10-02 13:18:22 s43 done in 10.9 min 
2026-10-02 13:41:26 s44 done in 23.1 min 
2026-10-02 13:49:56 s45 done in 8.5 min 
2026-10-02 14:00:29 s46 done in 10.5 min 
2026-10-02 14:11:21 s47 done in 10.9 min 
2026-10-02 14:34:13 s48 done in 22.9 min 
2026-10-02 14:34:13 finished full 
2026-10-03 00:25:44 start full: 0 of 48 scenarios to run, 1000 replications each, 31 cores 
2026-10-03 00:25:44 finished full 
2026-10-03 14:34:53 start full: 48 of 48 scenarios to run, 1000 replications each, 31 cores, re-running medflex-weight, medflex-impute 
2026-10-03 14:40:47 s01 done in 5.9 min 
2026-10-03 14:47:18 s02 done in 6.5 min 
2026-10-03 14:51:16 s03 done in 4.0 min 
2026-10-03 14:57:01 s04 done in 5.7 min 
2026-10-03 15:02:57 s05 done in 5.9 min 
2026-10-03 15:09:31 s06 done in 6.6 min 
2026-10-03 15:13:28 s07 done in 4.0 min 
2026-10-03 15:19:12 s08 done in 5.7 min 
2026-10-03 15:25:06 s09 done in 5.9 min 
2026-10-03 15:31:42 s10 done in 6.6 min 
2026-10-03 15:35:41 s11 done in 4.0 min 
2026-10-03 15:41:34 s12 done in 5.9 min 
2026-10-03 15:47:28 s13 done in 5.9 min 
2026-10-03 15:54:04 s14 done in 6.6 min 
2026-10-03 15:58:00 s15 done in 3.9 min 
2026-10-03 16:03:48 s16 done in 5.8 min 
2026-10-03 16:11:29 s17 done in 7.7 min 
2026-10-03 16:20:34 s18 done in 9.1 min 
2026-10-03 16:27:41 s19 done in 7.1 min 
2026-10-03 16:39:41 s20 done in 12.0 min 
2026-10-03 16:47:18 s21 done in 7.6 min 
2026-10-03 16:56:23 s22 done in 9.1 min 
2026-10-03 17:03:35 s23 done in 7.2 min 
2026-10-03 17:15:26 s24 done in 11.9 min 
2026-10-03 17:23:11 s25 done in 7.7 min 
2026-10-03 17:32:17 s26 done in 9.1 min 
2026-10-03 17:39:24 s27 done in 7.1 min 
2026-10-03 17:51:58 s28 done in 12.6 min 
2026-10-03 17:59:41 s29 done in 7.7 min 
2026-10-03 18:08:45 s30 done in 9.1 min 
2026-10-03 18:15:53 s31 done in 7.1 min 
2026-10-03 18:28:19 s32 done in 12.4 min 
2026-10-03 18:44:40 s33 done in 16.3 min 
2026-10-03 19:05:41 s34 done in 21.0 min 
2026-10-03 19:27:04 s35 done in 21.4 min 
2026-10-03 20:05:11 s36 done in 38.1 min 
2026-10-03 20:21:31 s37 done in 16.3 min 
2026-10-03 20:42:48 s38 done in 21.3 min 
2026-10-03 21:04:20 s39 done in 21.5 min 
2026-10-03 21:41:35 s40 done in 37.2 min 
2026-10-03 21:57:52 s41 done in 16.3 min 
2026-10-03 22:19:05 s42 done in 21.2 min 
2026-10-03 22:40:23 s43 done in 21.3 min 
2026-10-03 23:24:06 s44 done in 43.7 min 
2026-10-03 23:40:26 s45 done in 16.3 min 
2026-10-04 00:01:40 s46 done in 21.2 min 
2026-10-04 00:23:01 s47 done in 21.4 min 
2026-10-04 01:05:49 s48 done in 42.8 min 
2026-10-04 01:05:49 finished full 
